#-----------------------------------------------------------
# Vivado v2024.2 (64-bit)
# SW Build 5239630 on Fri Nov 08 22:35:27 MST 2024
# IP Build 5239520 on Sun Nov 10 16:12:51 MST 2024
# SharedData Build 5239561 on Fri Nov 08 14:39:27 MST 2024
# Start of session at: Mon Jun 30 13:37:07 2025
# Process ID         : 23288
# Current directory  : C:/Design RTL/project_1and
# Command line       : vivado.exe -gui_launcher_event rodinguilauncherevent21292 C:\Design RTL\project_1and\project_1and.xpr
# Log file           : C:/Design RTL/project_1and/vivado.log
# Journal file       : C:/Design RTL/project_1and\vivado.jou
# Running On         : HPVictus
# Platform           : Windows Server 2016 or Windows 10
# Operating System   : 26100
# Processor Detail   : 12th Gen Intel(R) Core(TM) i5-12450H
# CPU Frequency      : 2496 MHz
# CPU Physical cores : 8
# CPU Logical cores  : 12
# Host memory        : 16802 MB
# Swap memory        : 1073 MB
# Total Virtual      : 17876 MB
# Available Virtual  : 4903 MB
#-----------------------------------------------------------
start_gui
open_project {C:/Design RTL/project_1and/project_1and.xpr}
update_compile_order -fileset sources_1
